  Individuazione dei progetti da ripristinare...
  Tutti i progetti sono aggiornati per il ripristino.
C:\Users\f.granozio\.nuget\packages\microsoft.windowsappsdk.winui\1.8.260204000\buildTransitive\Microsoft.UI.Xaml.Markup.Compiler.interop.targets(594,9): error MSB3073: uscita dal comando ""C:\Users\f.granozio\.nuget\packages\microsoft.windowsappsdk.winui\1.8.260204000\buildTransitive\..\tools\net6.0\..\net472\XamlCompiler.exe" "obj\x64\Debug\net8.0-windows10.0.19041.0\win-x64\\input.json" "obj\x64\Debug\net8.0-windows10.0.19041.0\win-x64\\output.json"" con codice 1. [C:\Users\f.granozio\source\repos\ClipPocketWin\ClipPocketWin\ClipPocketWin.csproj]

Compilazione NON RIUSCITA.

C:\Users\f.granozio\.nuget\packages\microsoft.windowsappsdk.winui\1.8.260204000\buildTransitive\Microsoft.UI.Xaml.Markup.Compiler.interop.targets(594,9): error MSB3073: uscita dal comando ""C:\Users\f.granozio\.nuget\packages\microsoft.windowsappsdk.winui\1.8.260204000\buildTransitive\..\tools\net6.0\..\net472\XamlCompiler.exe" "obj\x64\Debug\net8.0-windows10.0.19041.0\win-x64\\input.json" "obj\x64\Debug\net8.0-windows10.0.19041.0\win-x64\\output.json"" con codice 1. [C:\Users\f.granozio\source\repos\ClipPocketWin\ClipPocketWin\ClipPocketWin.csproj]
    Avvisi: 0
    Errori: 1

Tempo trascorso 00:00:03.69
